2025-02-27 17:45:41 WARN - Model training is in progress.
2025-02-27 18:57:59 WARN - Data processing is in progress.
2025-02-27 10:05:11 INFO - Data processing is in progress.
2025-02-27 11:20:32 INFO - Data processing is in progress.
2025-02-27 18:25:52 ERROR - An error occurred: NullPointerException
2025-02-27 02:30:38 INFO - Data processing is in progress.
2025-02-27 00:54:06 WARN - Model training is in progress.
2025-02-27 02:41:23 INFO - Data processing is in progress.
2025-02-27 16:36:25 INFO - Data ingestion is in progress.
2025-02-27 18:23:35 ERROR - An error occurred: TimeoutException
2025-02-27 07:26:13 WARN - Data ingestion is in progress.
2025-02-27 11:04:02 ERROR - An error occurred: IOException
2025-02-27 15:26:20 WARN - Data processing is in progress.
2025-02-27 12:06:59 INFO - Model training is in progress.
2025-02-27 18:49:27 ERROR - An error occurred: TimeoutException
2025-02-27 08:07:47 INFO - Model training is in progress.
2025-02-27 03:29:42 INFO - Data processing is in progress.
2025-02-27 14:32:44 WARN - Model training is in progress.
2025-02-27 19:14:47 WARN - Data processing is in progress.
2025-02-27 15:18:43 WARN - Data ingestion is in progress.
2025-02-27 17:42:27 ERROR - An error occurred: NullPointerException
2025-02-27 12:43:11 ERROR - An error occurred: NullPointerException
2025-02-27 08:00:40 WARN - Model training is in progress.
2025-02-27 14:58:28 WARN - Model training is in progress.
2025-02-27 14:16:46 WARN - Data ingestion is in progress.
2025-02-27 05:22:00 ERROR - An error occurred: NullPointerException
2025-02-27 01:56:18 ERROR - An error occurred: IOException
2025-02-27 21:43:17 INFO - Data ingestion is in progress.
2025-02-27 23:01:00 INFO - Data processing is in progress.
2025-02-27 19:59:12 INFO - Data ingestion is in progress.
2025-02-27 14:25:37 WARN - Data ingestion is in progress.
2025-02-27 15:06:37 WARN - Data processing is in progress.
2025-02-27 01:49:36 INFO - Data ingestion is in progress.
2025-02-27 06:03:57 WARN - Data processing is in progress.
2025-02-27 08:29:43 WARN - Data ingestion is in progress.
2025-02-27 12:30:02 WARN - Data processing is in progress.
2025-02-27 00:25:04 INFO - Data processing is in progress.
2025-02-27 21:38:03 WARN - Model training is in progress.
2025-02-27 08:17:06 INFO - Data processing is in progress.
2025-02-27 11:35:54 ERROR - An error occurred: NullPointerException
2025-02-27 12:16:12 ERROR - An error occurred: TimeoutException
2025-02-27 01:20:08 WARN - Data processing is in progress.
2025-02-27 12:08:00 ERROR - An error occurred: TimeoutException
2025-02-27 03:05:29 ERROR - An error occurred: TimeoutException
2025-02-27 05:23:47 ERROR - An error occurred: TimeoutException
2025-02-27 18:43:21 INFO - Model training is in progress.
2025-02-27 00:26:56 WARN - Data ingestion is in progress.
2025-02-27 11:00:08 INFO - Model training is in progress.
2025-02-27 10:17:59 ERROR - An error occurred: TimeoutException
2025-02-27 05:21:06 INFO - Data ingestion is in progress.
2025-02-27 07:08:18 WARN - Model training is in progress.
2025-02-27 17:45:47 WARN - Data processing is in progress.
2025-02-27 06:05:41 INFO - Data ingestion is in progress.
2025-02-27 22:36:45 WARN - Data ingestion is in progress.
2025-02-27 18:40:56 ERROR - An error occurred: NullPointerException
2025-02-27 10:48:01 INFO - Data ingestion is in progress.
2025-02-27 01:17:11 INFO - Data ingestion is in progress.
2025-02-27 06:39:16 WARN - Model training is in progress.
2025-02-27 01:01:51 WARN - Data ingestion is in progress.
2025-02-27 22:47:10 INFO - Model training is in progress.
2025-02-27 09:46:03 INFO - Data ingestion is in progress.
2025-02-27 07:44:31 WARN - Data ingestion is in progress.
2025-02-27 07:32:45 INFO - Data ingestion is in progress.
2025-02-27 08:01:40 WARN - Data ingestion is in progress.
2025-02-27 14:41:37 ERROR - An error occurred: TimeoutException
2025-02-27 02:42:53 INFO - Data processing is in progress.
2025-02-27 14:05:41 INFO - Data ingestion is in progress.
2025-02-27 02:46:39 ERROR - An error occurred: NullPointerException
2025-02-27 17:33:55 ERROR - An error occurred: NullPointerException
2025-02-27 06:20:20 WARN - Data ingestion is in progress.
2025-02-27 11:18:38 INFO - Data processing is in progress.
2025-02-27 10:54:22 INFO - Data ingestion is in progress.
2025-02-27 02:27:34 WARN - Data processing is in progress.
2025-02-27 22:44:00 WARN - Data processing is in progress.
2025-02-27 20:14:19 INFO - Model training is in progress.
2025-02-27 19:36:10 INFO - Data processing is in progress.
2025-02-27 17:15:45 INFO - Data ingestion is in progress.
2025-02-27 00:07:42 ERROR - An error occurred: IOException
2025-02-27 15:47:19 WARN - Data processing is in progress.
2025-02-27 17:26:07 ERROR - An error occurred: TimeoutException
2025-02-27 09:53:30 WARN - Model training is in progress.
2025-02-27 12:03:04 WARN - Model training is in progress.
2025-02-27 08:04:57 ERROR - An error occurred: NullPointerException
2025-02-27 04:49:22 INFO - Data processing is in progress.
2025-02-27 06:53:41 ERROR - An error occurred: NullPointerException
2025-02-27 14:20:18 WARN - Data processing is in progress.
2025-02-27 15:00:16 ERROR - An error occurred: NullPointerException
2025-02-27 00:45:03 INFO - Data processing is in progress.
2025-02-27 03:11:29 WARN - Data processing is in progress.
2025-02-27 01:44:10 ERROR - An error occurred: NullPointerException
2025-02-27 17:54:32 WARN - Data ingestion is in progress.
2025-02-27 11:36:23 WARN - Data ingestion is in progress.
2025-02-27 16:23:11 INFO - Model training is in progress.
2025-02-27 02:05:31 ERROR - An error occurred: IOException
2025-02-27 01:20:00 WARN - Data ingestion is in progress.
2025-02-27 11:15:45 ERROR - An error occurred: IOException
2025-02-27 16:42:55 ERROR - An error occurred: IOException
2025-02-27 23:06:34 ERROR - An error occurred: IOException
2025-02-27 23:04:18 INFO - Model training is in progress.
2025-02-27 13:27:56 WARN - Data ingestion is in progress.
